                      ;; these are the console drivers for the HB63C09M for flex.
                      ;; (C) D. Collins 2025
                      
                      ;; macros
                      
                      ;; Set interupts
                      SEI     MACRO           
                              ANDCC   #$EF
                              ENDM
                      
                      ;; clear interupts 
                      CLI     MACRO
                              ORCC    #$10
                              ENDM
                      
                      ;; set carry flag
                      SEC     MACRO
                              ORCC    #$01
                              ENDM
                      CLC     MACRO 
                              ANDCC   #$FE
                              ENDM
                      
                      ;; These are the IO Routines for the 6850 ACIA wrapper built into the HB6309
                      
                      ;; Equates
                      
A000                  ACIA    EQU     $A000           ;; Wrapper address
A011                  NULL    EQU     $A011           ;; NULL ADDRESS (CURRENTLY EMPTY)
F837                  MON09   EQU     $F837           ;; monitor
                      
                      
                      ;; IO table for FLEX09
                      
D3E5                          ORG     $D3E5           ;Expects Table to start here    Vector offset
                      
D3E5  D371            INCHNE  FDB     INNECH          ; Input ch no echo              0
D3E7  D39A            IHNDLR  FDB     IHND            ; irq interuput handler         2       
D3E9  A011            SWIVEC  FDB     NULL            ; SWI3 Vector                   4
D3EB  A011            IRQVEC  FDB     NULL            ; IRQ VECTOR LOCATOIN           6
D3ED  D399            TMOFF   FDB     TOFF            ; Timer off                     8
D3EF  D399            TMON    FDB     TON             ; Timer on                      10
D3F1  D399            TMINT   FDB     TINT            ; Timer init                    12
D3F3  F837            MONITR  FDB     MON09           ; monitor reset vector          14
D3F5  D370            TINIT   FDB     TRINIT          ; Terminal init                 16
D3F7  D38F            STAT    FDB     STATUS          ; check terminal status         18      
D3F9  D380            OUTCH   FDB     OTCHR           ; Terminal char output          20
D3FB  D37E            INCH    FDB     INCHR           ; Terminal char input           22
                      
                      
                      ;; routines start here:
D370                          ORG     $D370
                      
                      ;Terminl is auto set to 115200 8n1 no flow control
D370                  TRINIT  
D370  39                      RTS
                      
                      ; input no echo 
D371                  INNECH
D371  B6A000                  LDA     ACIA            ; Get terminal status
D374  8401                    ANDA    #$01            ; A character presnent?
D376  27F9                    BEQ     INNECH          ; Loop if not
D378  B6A001                  LDA     ACIA+1          ; Get the character
D37B  847F                    ANDA    #$7F            ; remove parity 
D37D  39                      RTS                     ; All Done
                      
                      ; input with echo
D37E                  INCHR   
D37E  8DF1                    BSR     INNECH          ; we get the character...
                      
                      ; fall through to echo the character
                      
                      ; echo character in 'a'
D380                  OTCHR   
D380  3402                    PSHS    A               ; save 'a'
D382  B6A000          OTCHR2  LDA     ACIA            ; transmit empty?
D385  8402                    ANDA    #$02            
D387  27F9                    BEQ     OTCHR2          ; wait if not
D389  3502                    PULS    A               ; restore character to 'a'
D38B  B7A001                  STA     ACIA+1          ; output character
D38E  39                      RTS
                      
                      ;check for a character, preserve 'a'
D38F                  STATUS
D38F  3402                    PSHS    A               ; save 'a'
D391  B6A000                  LDA     ACIA            ; get terminial status
D394  8401                    ANDA    #$01            ; check for a character
D396  3502                    PULS    A               ; restore 'a'
D398  39                      RTS     
                      
                      ;timer handling (disabled) 
D399                  TINT    
D399                  TON
D399                  TOFF
D399  39                      RTS
                      
                      ; interrupt handling (disabled)
D39A                  IHND
D39A  3B                      RTI
                      
